// Jest Snapshot v1, https://goo.gl/fbAQLP

exports[`should render ExpenseEdit page 1`] = `
<div>
  <p>
    Expense Form
  </p>
  <ExpenseForm
    expense={
      Object {
        "amount": 4500,
        "createdAt": 345600000,
        "description": "Credit card",
        "id": "3",
        "note": "",
      }
    }
    onSubmit={[Function]}
  />
  <button
    onClick={[Function]}
  >
    Remove
  </button>
</div>
`;
