// Jest Snapshot v1, https://goo.gl/fbAQLP

exports[`should render Header correctly 1`] = `
<header>
  <h2>
    Heading
  </h2>
  <NavLink
    activeClassName="is-active"
    ariaCurrent="true"
    exact={true}
    to="/"
  >
    Home
  </NavLink>
  <NavLink
    activeClassName="is-active"
    ariaCurrent="true"
    to="/create"
  >
    Create
  </NavLink>
  <NavLink
    activeClassName="is-active"
    ariaCurrent="true"
    to="/help"
  >
    Help
  </NavLink>
</header>
`;
