// Jest Snapshot v1, https://goo.gl/fbAQLP

exports[`should render LoginPage correctly 1`] = `
<div>
  This is from my log in component
  <button>
    LOG IN
  </button>
</div>
`;
